Analysis & Synthesis report for Lab3_2
Sat Nov 18 21:11:12 2017
Quartus Prime Version 17.0.0 Build 595 04/25/2017 SJ Lite Edition


---------------------
; Table of Contents ;
---------------------
  1. Legal Notice
  2. Analysis & Synthesis Summary
  3. Analysis & Synthesis Settings
  4. Parallel Compilation
  5. Analysis & Synthesis Source Files Read
  6. Analysis & Synthesis Resource Usage Summary
  7. Analysis & Synthesis Resource Utilization by Entity
  8. Analysis & Synthesis IP Cores Summary
  9. Registers Removed During Synthesis
 10. General Register Statistics
 11. Multiplexer Restructuring Statistics (Restructuring Performed)
 12. Parameter Settings for User Entity Instance: mux32:inst|lpm_mux:LPM_MUX_component
 13. Parameter Settings for User Entity Instance: DEC32:inst99|lpm_decode:LPM_DECODE_component
 14. Parameter Settings for User Entity Instance: mux32:inst3|lpm_mux:LPM_MUX_component
 15. Post-Synthesis Netlist Statistics for Top Partition
 16. Elapsed Time Per Partition
 17. Analysis & Synthesis Messages



----------------
; Legal Notice ;
----------------
Copyright (C) 2017  Intel Corporation. All rights reserved.
Your use of Intel Corporation's design tools, logic functions 
and other software and tools, and its AMPP partner logic 
functions, and any output files from any of the foregoing 
(including device programming or simulation files), and any 
associated documentation or information are expressly subject 
to the terms and conditions of the Intel Program License 
Subscription Agreement, the Intel Quartus Prime License Agreement,
the Intel MegaCore Function License Agreement, or other 
applicable license agreement, including, without limitation, 
that your use is for the sole purpose of programming logic 
devices manufactured by Intel and sold by Intel or its 
authorized distributors.  Please refer to the applicable 
agreement for further details.



+-------------------------------------------------------------------------------+
; Analysis & Synthesis Summary                                                  ;
+---------------------------------+---------------------------------------------+
; Analysis & Synthesis Status     ; Successful - Sat Nov 18 21:11:12 2017       ;
; Quartus Prime Version           ; 17.0.0 Build 595 04/25/2017 SJ Lite Edition ;
; Revision Name                   ; Lab3_2                                      ;
; Top-level Entity Name           ; Lab3_2                                      ;
; Family                          ; Cyclone V                                   ;
; Logic utilization (in ALMs)     ; N/A                                         ;
; Total registers                 ; 928                                         ;
; Total pins                      ; 113                                         ;
; Total virtual pins              ; 0                                           ;
; Total block memory bits         ; 0                                           ;
; Total DSP Blocks                ; 0                                           ;
; Total HSSI RX PCSs              ; 0                                           ;
; Total HSSI PMA RX Deserializers ; 0                                           ;
; Total HSSI TX PCSs              ; 0                                           ;
; Total HSSI PMA TX Serializers   ; 0                                           ;
; Total PLLs                      ; 0                                           ;
; Total DLLs                      ; 0                                           ;
+---------------------------------+---------------------------------------------+


+---------------------------------------------------------------------------------------------------------------------------+
; Analysis & Synthesis Settings                                                                                             ;
+---------------------------------------------------------------------------------+--------------------+--------------------+
; Option                                                                          ; Setting            ; Default Value      ;
+---------------------------------------------------------------------------------+--------------------+--------------------+
; Device                                                                          ; 5CEBA2F17C8        ;                    ;
; Top-level entity name                                                           ; Lab3_2             ; Lab3_2             ;
; Family name                                                                     ; Cyclone V          ; Cyclone V          ;
; Use smart compilation                                                           ; Off                ; Off                ;
; Enable parallel Assembler and TimeQuest Timing Analyzer during compilation      ; On                 ; On                 ;
; Enable compact report table                                                     ; Off                ; Off                ;
; Restructure Multiplexers                                                        ; Auto               ; Auto               ;
; MLAB Add Timing Constraints For Mixed-Port Feed-Through Mode Setting Don't Care ; Off                ; Off                ;
; Create Debugging Nodes for IP Cores                                             ; Off                ; Off                ;
; Preserve fewer node names                                                       ; On                 ; On                 ;
; OpenCore Plus hardware evaluation                                               ; Enable             ; Enable             ;
; Verilog Version                                                                 ; Verilog_2001       ; Verilog_2001       ;
; VHDL Version                                                                    ; VHDL_1993          ; VHDL_1993          ;
; State Machine Processing                                                        ; Auto               ; Auto               ;
; Safe State Machine                                                              ; Off                ; Off                ;
; Extract Verilog State Machines                                                  ; On                 ; On                 ;
; Extract VHDL State Machines                                                     ; On                 ; On                 ;
; Ignore Verilog initial constructs                                               ; Off                ; Off                ;
; Iteration limit for constant Verilog loops                                      ; 5000               ; 5000               ;
; Iteration limit for non-constant Verilog loops                                  ; 250                ; 250                ;
; Add Pass-Through Logic to Inferred RAMs                                         ; On                 ; On                 ;
; Infer RAMs from Raw Logic                                                       ; On                 ; On                 ;
; Parallel Synthesis                                                              ; On                 ; On                 ;
; DSP Block Balancing                                                             ; Auto               ; Auto               ;
; NOT Gate Push-Back                                                              ; On                 ; On                 ;
; Power-Up Don't Care                                                             ; On                 ; On                 ;
; Remove Redundant Logic Cells                                                    ; Off                ; Off                ;
; Remove Duplicate Registers                                                      ; On                 ; On                 ;
; Ignore CARRY Buffers                                                            ; Off                ; Off                ;
; Ignore CASCADE Buffers                                                          ; Off                ; Off                ;
; Ignore GLOBAL Buffers                                                           ; Off                ; Off                ;
; Ignore ROW GLOBAL Buffers                                                       ; Off                ; Off                ;
; Ignore LCELL Buffers                                                            ; Off                ; Off                ;
; Ignore SOFT Buffers                                                             ; On                 ; On                 ;
; Limit AHDL Integers to 32 Bits                                                  ; Off                ; Off                ;
; Optimization Technique                                                          ; Balanced           ; Balanced           ;
; Carry Chain Length                                                              ; 70                 ; 70                 ;
; Auto Carry Chains                                                               ; On                 ; On                 ;
; Auto Open-Drain Pins                                                            ; On                 ; On                 ;
; Perform WYSIWYG Primitive Resynthesis                                           ; Off                ; Off                ;
; Auto ROM Replacement                                                            ; On                 ; On                 ;
; Auto RAM Replacement                                                            ; On                 ; On                 ;
; Auto DSP Block Replacement                                                      ; On                 ; On                 ;
; Auto Shift Register Replacement                                                 ; Auto               ; Auto               ;
; Allow Shift Register Merging across Hierarchies                                 ; Auto               ; Auto               ;
; Auto Clock Enable Replacement                                                   ; On                 ; On                 ;
; Strict RAM Replacement                                                          ; Off                ; Off                ;
; Allow Synchronous Control Signals                                               ; On                 ; On                 ;
; Force Use of Synchronous Clear Signals                                          ; Off                ; Off                ;
; Auto Resource Sharing                                                           ; Off                ; Off                ;
; Allow Any RAM Size For Recognition                                              ; Off                ; Off                ;
; Allow Any ROM Size For Recognition                                              ; Off                ; Off                ;
; Allow Any Shift Register Size For Recognition                                   ; Off                ; Off                ;
; Use LogicLock Constraints during Resource Balancing                             ; On                 ; On                 ;
; Ignore translate_off and synthesis_off directives                               ; Off                ; Off                ;
; Timing-Driven Synthesis                                                         ; On                 ; On                 ;
; Report Parameter Settings                                                       ; On                 ; On                 ;
; Report Source Assignments                                                       ; On                 ; On                 ;
; Report Connectivity Checks                                                      ; On                 ; On                 ;
; Ignore Maximum Fan-Out Assignments                                              ; Off                ; Off                ;
; Synchronization Register Chain Length                                           ; 3                  ; 3                  ;
; PowerPlay Power Optimization During Synthesis                                   ; Normal compilation ; Normal compilation ;
; HDL message level                                                               ; Level2             ; Level2             ;
; Suppress Register Optimization Related Messages                                 ; Off                ; Off                ;
; Number of Removed Registers Reported in Synthesis Report                        ; 5000               ; 5000               ;
; Number of Swept Nodes Reported in Synthesis Report                              ; 5000               ; 5000               ;
; Number of Inverted Registers Reported in Synthesis Report                       ; 100                ; 100                ;
; Clock MUX Protection                                                            ; On                 ; On                 ;
; Auto Gated Clock Conversion                                                     ; Off                ; Off                ;
; Block Design Naming                                                             ; Auto               ; Auto               ;
; SDC constraint protection                                                       ; Off                ; Off                ;
; Synthesis Effort                                                                ; Auto               ; Auto               ;
; Shift Register Replacement - Allow Asynchronous Clear Signal                    ; On                 ; On                 ;
; Pre-Mapping Resynthesis Optimization                                            ; Off                ; Off                ;
; Analysis & Synthesis Message Level                                              ; Medium             ; Medium             ;
; Disable Register Merging Across Hierarchies                                     ; Auto               ; Auto               ;
; Resource Aware Inference For Block RAM                                          ; On                 ; On                 ;
; Automatic Parallel Synthesis                                                    ; On                 ; On                 ;
; Partial Reconfiguration Bitstream ID                                            ; Off                ; Off                ;
+---------------------------------------------------------------------------------+--------------------+--------------------+


+------------------------------------------+
; Parallel Compilation                     ;
+----------------------------+-------------+
; Processors                 ; Number      ;
+----------------------------+-------------+
; Number detected on machine ; 4           ;
; Maximum allowed            ; 2           ;
;                            ;             ;
; Average used               ; 1.00        ;
; Maximum used               ; 2           ;
;                            ;             ;
; Usage by Processor         ; % Time Used ;
;     Processor 1            ; 100.0%      ;
;     Processor 2            ;   0.0%      ;
+----------------------------+-------------+


+-----------------------------------------------------------------------------------------------------------------------------------------------------------------------------+
; Analysis & Synthesis Source Files Read                                                                                                                                      ;
+----------------------------------+-----------------+------------------------------------+-------------------------------------------------------------------------+---------+
; File Name with User-Entered Path ; Used in Netlist ; File Type                          ; File Name with Absolute Path                                            ; Library ;
+----------------------------------+-----------------+------------------------------------+-------------------------------------------------------------------------+---------+
; Lab3_2.bdf                       ; yes             ; User Block Diagram/Schematic File  ; D:/QuartusLab/Lab3/Lab3_2/Lab3_2.bdf                                    ;         ;
; DEC32.v                          ; yes             ; User Wizard-Generated File         ; D:/QuartusLab/Lab3/Lab3_2/DEC32.v                                       ;         ;
; reg32.sv                         ; yes             ; User SystemVerilog HDL File        ; D:/QuartusLab/Lab3/Lab3_2/reg32.sv                                      ;         ;
; mux32.v                          ; yes             ; User Wizard-Generated File         ; D:/QuartusLab/Lab3/Lab3_2/mux32.v                                       ;         ;
; lpm_mux.tdf                      ; yes             ; Megafunction                       ; c:/intelfpga_lite/17.0/quartus/libraries/megafunctions/lpm_mux.tdf      ;         ;
; aglobal170.inc                   ; yes             ; Megafunction                       ; c:/intelfpga_lite/17.0/quartus/libraries/megafunctions/aglobal170.inc   ;         ;
; muxlut.inc                       ; yes             ; Megafunction                       ; c:/intelfpga_lite/17.0/quartus/libraries/megafunctions/muxlut.inc       ;         ;
; bypassff.inc                     ; yes             ; Megafunction                       ; c:/intelfpga_lite/17.0/quartus/libraries/megafunctions/bypassff.inc     ;         ;
; altshift.inc                     ; yes             ; Megafunction                       ; c:/intelfpga_lite/17.0/quartus/libraries/megafunctions/altshift.inc     ;         ;
; db/mux_4nc.tdf                   ; yes             ; Auto-Generated Megafunction        ; D:/QuartusLab/Lab3/Lab3_2/db/mux_4nc.tdf                                ;         ;
; lpm_decode.tdf                   ; yes             ; Megafunction                       ; c:/intelfpga_lite/17.0/quartus/libraries/megafunctions/lpm_decode.tdf   ;         ;
; declut.inc                       ; yes             ; Megafunction                       ; c:/intelfpga_lite/17.0/quartus/libraries/megafunctions/declut.inc       ;         ;
; lpm_compare.inc                  ; yes             ; Megafunction                       ; c:/intelfpga_lite/17.0/quartus/libraries/megafunctions/lpm_compare.inc  ;         ;
; lpm_constant.inc                 ; yes             ; Megafunction                       ; c:/intelfpga_lite/17.0/quartus/libraries/megafunctions/lpm_constant.inc ;         ;
; db/decode_f5f.tdf                ; yes             ; Auto-Generated Megafunction        ; D:/QuartusLab/Lab3/Lab3_2/db/decode_f5f.tdf                             ;         ;
+----------------------------------+-----------------+------------------------------------+-------------------------------------------------------------------------+---------+


+---------------------------------------------------------+
; Analysis & Synthesis Resource Usage Summary             ;
+---------------------------------------------+-----------+
; Resource                                    ; Usage     ;
+---------------------------------------------+-----------+
; Estimate of Logic utilization (ALMs needed) ; 810       ;
;                                             ;           ;
; Combinational ALUT usage for logic          ; 673       ;
;     -- 7 input functions                    ; 64        ;
;     -- 6 input functions                    ; 541       ;
;     -- 5 input functions                    ; 0         ;
;     -- 4 input functions                    ; 64        ;
;     -- <=3 input functions                  ; 4         ;
;                                             ;           ;
; Dedicated logic registers                   ; 928       ;
;                                             ;           ;
; I/O pins                                    ; 113       ;
;                                             ;           ;
; Total DSP Blocks                            ; 0         ;
;                                             ;           ;
; Maximum fan-out node                        ; CLK~input ;
; Maximum fan-out                             ; 928       ;
; Total fan-out                               ; 6921      ;
; Average fan-out                             ; 3.79      ;
+---------------------------------------------+-----------+


+------------------------------------------------------------------------------------------------------------------------------------------------------------------------------------------------------------------------------------------------+
; Analysis & Synthesis Resource Utilization by Entity                                                                                                                                                                                            ;
+-----------------------------------+---------------------+---------------------------+-------------------+------------+------+--------------+----------------------------------------------------------------------+-------------+--------------+
; Compilation Hierarchy Node        ; Combinational ALUTs ; Dedicated Logic Registers ; Block Memory Bits ; DSP Blocks ; Pins ; Virtual Pins ; Full Hierarchy Name                                                  ; Entity Name ; Library Name ;
+-----------------------------------+---------------------+---------------------------+-------------------+------------+------+--------------+----------------------------------------------------------------------+-------------+--------------+
; |Lab3_2                           ; 673 (29)            ; 928 (0)                   ; 0                 ; 0          ; 113  ; 0            ; |Lab3_2                                                              ; Lab3_2      ; work         ;
;    |mux32:inst3|                  ; 322 (0)             ; 0 (0)                     ; 0                 ; 0          ; 0    ; 0            ; |Lab3_2|mux32:inst3                                                  ; mux32       ; work         ;
;       |lpm_mux:LPM_MUX_component| ; 322 (0)             ; 0 (0)                     ; 0                 ; 0          ; 0    ; 0            ; |Lab3_2|mux32:inst3|lpm_mux:LPM_MUX_component                        ; lpm_mux     ; work         ;
;          |mux_4nc:auto_generated| ; 322 (322)           ; 0 (0)                     ; 0                 ; 0          ; 0    ; 0            ; |Lab3_2|mux32:inst3|lpm_mux:LPM_MUX_component|mux_4nc:auto_generated ; mux_4nc     ; work         ;
;    |mux32:inst|                   ; 322 (0)             ; 0 (0)                     ; 0                 ; 0          ; 0    ; 0            ; |Lab3_2|mux32:inst                                                   ; mux32       ; work         ;
;       |lpm_mux:LPM_MUX_component| ; 322 (0)             ; 0 (0)                     ; 0                 ; 0          ; 0    ; 0            ; |Lab3_2|mux32:inst|lpm_mux:LPM_MUX_component                         ; lpm_mux     ; work         ;
;          |mux_4nc:auto_generated| ; 322 (322)           ; 0 (0)                     ; 0                 ; 0          ; 0    ; 0            ; |Lab3_2|mux32:inst|lpm_mux:LPM_MUX_component|mux_4nc:auto_generated  ; mux_4nc     ; work         ;
;    |reg32:inst10|                 ; 0 (0)               ; 32 (32)                   ; 0                 ; 0          ; 0    ; 0            ; |Lab3_2|reg32:inst10                                                 ; reg32       ; work         ;
;    |reg32:inst12|                 ; 0 (0)               ; 32 (32)                   ; 0                 ; 0          ; 0    ; 0            ; |Lab3_2|reg32:inst12                                                 ; reg32       ; work         ;
;    |reg32:inst14|                 ; 0 (0)               ; 32 (32)                   ; 0                 ; 0          ; 0    ; 0            ; |Lab3_2|reg32:inst14                                                 ; reg32       ; work         ;
;    |reg32:inst16|                 ; 0 (0)               ; 32 (32)                   ; 0                 ; 0          ; 0    ; 0            ; |Lab3_2|reg32:inst16                                                 ; reg32       ; work         ;
;    |reg32:inst18|                 ; 0 (0)               ; 32 (32)                   ; 0                 ; 0          ; 0    ; 0            ; |Lab3_2|reg32:inst18                                                 ; reg32       ; work         ;
;    |reg32:inst20|                 ; 0 (0)               ; 32 (32)                   ; 0                 ; 0          ; 0    ; 0            ; |Lab3_2|reg32:inst20                                                 ; reg32       ; work         ;
;    |reg32:inst22|                 ; 0 (0)               ; 32 (32)                   ; 0                 ; 0          ; 0    ; 0            ; |Lab3_2|reg32:inst22                                                 ; reg32       ; work         ;
;    |reg32:inst24|                 ; 0 (0)               ; 32 (32)                   ; 0                 ; 0          ; 0    ; 0            ; |Lab3_2|reg32:inst24                                                 ; reg32       ; work         ;
;    |reg32:inst26|                 ; 0 (0)               ; 32 (32)                   ; 0                 ; 0          ; 0    ; 0            ; |Lab3_2|reg32:inst26                                                 ; reg32       ; work         ;
;    |reg32:inst28|                 ; 0 (0)               ; 32 (32)                   ; 0                 ; 0          ; 0    ; 0            ; |Lab3_2|reg32:inst28                                                 ; reg32       ; work         ;
;    |reg32:inst30|                 ; 0 (0)               ; 32 (32)                   ; 0                 ; 0          ; 0    ; 0            ; |Lab3_2|reg32:inst30                                                 ; reg32       ; work         ;
;    |reg32:inst32|                 ; 0 (0)               ; 32 (32)                   ; 0                 ; 0          ; 0    ; 0            ; |Lab3_2|reg32:inst32                                                 ; reg32       ; work         ;
;    |reg32:inst34|                 ; 0 (0)               ; 32 (32)                   ; 0                 ; 0          ; 0    ; 0            ; |Lab3_2|reg32:inst34                                                 ; reg32       ; work         ;
;    |reg32:inst36|                 ; 0 (0)               ; 32 (32)                   ; 0                 ; 0          ; 0    ; 0            ; |Lab3_2|reg32:inst36                                                 ; reg32       ; work         ;
;    |reg32:inst38|                 ; 0 (0)               ; 32 (32)                   ; 0                 ; 0          ; 0    ; 0            ; |Lab3_2|reg32:inst38                                                 ; reg32       ; work         ;
;    |reg32:inst40|                 ; 0 (0)               ; 32 (32)                   ; 0                 ; 0          ; 0    ; 0            ; |Lab3_2|reg32:inst40                                                 ; reg32       ; work         ;
;    |reg32:inst42|                 ; 0 (0)               ; 32 (32)                   ; 0                 ; 0          ; 0    ; 0            ; |Lab3_2|reg32:inst42                                                 ; reg32       ; work         ;
;    |reg32:inst46|                 ; 0 (0)               ; 32 (32)                   ; 0                 ; 0          ; 0    ; 0            ; |Lab3_2|reg32:inst46                                                 ; reg32       ; work         ;
;    |reg32:inst48|                 ; 0 (0)               ; 32 (32)                   ; 0                 ; 0          ; 0    ; 0            ; |Lab3_2|reg32:inst48                                                 ; reg32       ; work         ;
;    |reg32:inst50|                 ; 0 (0)               ; 32 (32)                   ; 0                 ; 0          ; 0    ; 0            ; |Lab3_2|reg32:inst50                                                 ; reg32       ; work         ;
;    |reg32:inst52|                 ; 0 (0)               ; 32 (32)                   ; 0                 ; 0          ; 0    ; 0            ; |Lab3_2|reg32:inst52                                                 ; reg32       ; work         ;
;    |reg32:inst54|                 ; 0 (0)               ; 32 (32)                   ; 0                 ; 0          ; 0    ; 0            ; |Lab3_2|reg32:inst54                                                 ; reg32       ; work         ;
;    |reg32:inst56|                 ; 0 (0)               ; 32 (32)                   ; 0                 ; 0          ; 0    ; 0            ; |Lab3_2|reg32:inst56                                                 ; reg32       ; work         ;
;    |reg32:inst58|                 ; 0 (0)               ; 32 (32)                   ; 0                 ; 0          ; 0    ; 0            ; |Lab3_2|reg32:inst58                                                 ; reg32       ; work         ;
;    |reg32:inst60|                 ; 0 (0)               ; 32 (32)                   ; 0                 ; 0          ; 0    ; 0            ; |Lab3_2|reg32:inst60                                                 ; reg32       ; work         ;
;    |reg32:inst62|                 ; 0 (0)               ; 32 (32)                   ; 0                 ; 0          ; 0    ; 0            ; |Lab3_2|reg32:inst62                                                 ; reg32       ; work         ;
;    |reg32:inst64|                 ; 0 (0)               ; 32 (32)                   ; 0                 ; 0          ; 0    ; 0            ; |Lab3_2|reg32:inst64                                                 ; reg32       ; work         ;
;    |reg32:inst6|                  ; 0 (0)               ; 32 (32)                   ; 0                 ; 0          ; 0    ; 0            ; |Lab3_2|reg32:inst6                                                  ; reg32       ; work         ;
;    |reg32:inst8|                  ; 0 (0)               ; 32 (32)                   ; 0                 ; 0          ; 0    ; 0            ; |Lab3_2|reg32:inst8                                                  ; reg32       ; work         ;
+-----------------------------------+---------------------+---------------------------+-------------------+------------+------+--------------+----------------------------------------------------------------------+-------------+--------------+
Note: For table entries with two numbers listed, the numbers in parentheses indicate the number of resources of the given type used by the specific entity alone. The numbers listed outside of parentheses indicate the total resources of the given type used by the specific entity and all of its sub-entities in the hierarchy.


+--------------------------------------------------------------------------------------------------------+
; Analysis & Synthesis IP Cores Summary                                                                  ;
+--------+--------------+---------+--------------+--------------+----------------------+-----------------+
; Vendor ; IP Core Name ; Version ; Release Date ; License Type ; Entity Instance      ; IP Include File ;
+--------+--------------+---------+--------------+--------------+----------------------+-----------------+
; Altera ; LPM_MUX      ; 17.0    ; N/A          ; N/A          ; |Lab3_2|mux32:inst   ; mux32.v         ;
; Altera ; LPM_MUX      ; 17.0    ; N/A          ; N/A          ; |Lab3_2|mux32:inst3  ; mux32.v         ;
; Altera ; LPM_DECODE   ; 17.0    ; N/A          ; N/A          ; |Lab3_2|DEC32:inst99 ; DEC32.v         ;
+--------+--------------+---------+--------------+--------------+----------------------+-----------------+


+---------------------------------------------------------------------------------+
; Registers Removed During Synthesis                                              ;
+----------------------------------------+----------------------------------------+
; Register name                          ; Reason for Removal                     ;
+----------------------------------------+----------------------------------------+
; reg32:inst1|q[0..31]                   ; Stuck at GND due to stuck port clock   ;
; reg32:inst4|q[0..31]                   ; Stuck at GND due to stuck port clock   ;
; reg32:inst44|q[0..31]                  ; Stuck at GND due to stuck port data_in ;
; Total Number of Removed Registers = 96 ;                                        ;
+----------------------------------------+----------------------------------------+


+------------------------------------------------------+
; General Register Statistics                          ;
+----------------------------------------------+-------+
; Statistic                                    ; Value ;
+----------------------------------------------+-------+
; Total registers                              ; 928   ;
; Number of registers using Synchronous Clear  ; 0     ;
; Number of registers using Synchronous Load   ; 0     ;
; Number of registers using Asynchronous Clear ; 0     ;
; Number of registers using Asynchronous Load  ; 0     ;
; Number of registers using Clock Enable       ; 928   ;
; Number of registers using Preset             ; 0     ;
+----------------------------------------------+-------+


+----------------------------------------------------------------------------------------------------------------------------------------------------------------------------------------------------------+
; Multiplexer Restructuring Statistics (Restructuring Performed)                                                                                                                                           ;
+--------------------+-----------+---------------+----------------------+------------------------+------------+--------------------------------------------------------------------------------------------+
; Multiplexer Inputs ; Bus Width ; Baseline Area ; Area if Restructured ; Saving if Restructured ; Registered ; Example Multiplexer Output                                                                 ;
+--------------------+-----------+---------------+----------------------+------------------------+------------+--------------------------------------------------------------------------------------------+
; 28:1               ; 32 bits   ; 576 LEs       ; 576 LEs              ; 0 LEs                  ; No         ; |Lab3_2|mux32:inst|lpm_mux:LPM_MUX_component|mux_4nc:auto_generated|l5_w31_n0_mux_dataout  ;
; 28:1               ; 32 bits   ; 576 LEs       ; 576 LEs              ; 0 LEs                  ; No         ; |Lab3_2|mux32:inst3|lpm_mux:LPM_MUX_component|mux_4nc:auto_generated|l5_w31_n0_mux_dataout ;
+--------------------+-----------+---------------+----------------------+------------------------+------------+--------------------------------------------------------------------------------------------+


+-----------------------------------------------------------------------------------+
; Parameter Settings for User Entity Instance: mux32:inst|lpm_mux:LPM_MUX_component ;
+------------------------+-----------+----------------------------------------------+
; Parameter Name         ; Value     ; Type                                         ;
+------------------------+-----------+----------------------------------------------+
; AUTO_CARRY_CHAINS      ; ON        ; AUTO_CARRY                                   ;
; IGNORE_CARRY_BUFFERS   ; OFF       ; IGNORE_CARRY                                 ;
; AUTO_CASCADE_CHAINS    ; ON        ; AUTO_CASCADE                                 ;
; IGNORE_CASCADE_BUFFERS ; OFF       ; IGNORE_CASCADE                               ;
; LPM_WIDTH              ; 32        ; Signed Integer                               ;
; LPM_SIZE               ; 32        ; Signed Integer                               ;
; LPM_WIDTHS             ; 5         ; Signed Integer                               ;
; LPM_PIPELINE           ; 0         ; Untyped                                      ;
; CBXI_PARAMETER         ; mux_4nc   ; Untyped                                      ;
; DEVICE_FAMILY          ; Cyclone V ; Untyped                                      ;
+------------------------+-----------+----------------------------------------------+
Note: In order to hide this table in the UI and the text report file, please set the "Show Parameter Settings in Synthesis Report" option in "Analysis and Synthesis Settings -> More Settings" to "Off".


+-------------------------------------------------------------------------------------------+
; Parameter Settings for User Entity Instance: DEC32:inst99|lpm_decode:LPM_DECODE_component ;
+------------------------+------------+-----------------------------------------------------+
; Parameter Name         ; Value      ; Type                                                ;
+------------------------+------------+-----------------------------------------------------+
; LPM_WIDTH              ; 5          ; Signed Integer                                      ;
; LPM_DECODES            ; 32         ; Signed Integer                                      ;
; LPM_PIPELINE           ; 0          ; Untyped                                             ;
; CASCADE_CHAIN          ; MANUAL     ; Untyped                                             ;
; DEVICE_FAMILY          ; Cyclone V  ; Untyped                                             ;
; CBXI_PARAMETER         ; decode_f5f ; Untyped                                             ;
; AUTO_CARRY_CHAINS      ; ON         ; AUTO_CARRY                                          ;
; IGNORE_CARRY_BUFFERS   ; OFF        ; IGNORE_CARRY                                        ;
; AUTO_CASCADE_CHAINS    ; ON         ; AUTO_CASCADE                                        ;
; IGNORE_CASCADE_BUFFERS ; OFF        ; IGNORE_CASCADE                                      ;
+------------------------+------------+-----------------------------------------------------+
Note: In order to hide this table in the UI and the text report file, please set the "Show Parameter Settings in Synthesis Report" option in "Analysis and Synthesis Settings -> More Settings" to "Off".


+------------------------------------------------------------------------------------+
; Parameter Settings for User Entity Instance: mux32:inst3|lpm_mux:LPM_MUX_component ;
+------------------------+-----------+-----------------------------------------------+
; Parameter Name         ; Value     ; Type                                          ;
+------------------------+-----------+-----------------------------------------------+
; AUTO_CARRY_CHAINS      ; ON        ; AUTO_CARRY                                    ;
; IGNORE_CARRY_BUFFERS   ; OFF       ; IGNORE_CARRY                                  ;
; AUTO_CASCADE_CHAINS    ; ON        ; AUTO_CASCADE                                  ;
; IGNORE_CASCADE_BUFFERS ; OFF       ; IGNORE_CASCADE                                ;
; LPM_WIDTH              ; 32        ; Signed Integer                                ;
; LPM_SIZE               ; 32        ; Signed Integer                                ;
; LPM_WIDTHS             ; 5         ; Signed Integer                                ;
; LPM_PIPELINE           ; 0         ; Untyped                                       ;
; CBXI_PARAMETER         ; mux_4nc   ; Untyped                                       ;
; DEVICE_FAMILY          ; Cyclone V ; Untyped                                       ;
+------------------------+-----------+-----------------------------------------------+
Note: In order to hide this table in the UI and the text report file, please set the "Show Parameter Settings in Synthesis Report" option in "Analysis and Synthesis Settings -> More Settings" to "Off".


+-----------------------------------------------------+
; Post-Synthesis Netlist Statistics for Top Partition ;
+-----------------------+-----------------------------+
; Type                  ; Count                       ;
+-----------------------+-----------------------------+
; arriav_ff             ; 928                         ;
;     ENA               ; 928                         ;
; arriav_lcell_comb     ; 673                         ;
;     extend            ; 64                          ;
;         7 data inputs ; 64                          ;
;     normal            ; 609                         ;
;         2 data inputs ; 2                           ;
;         3 data inputs ; 2                           ;
;         4 data inputs ; 64                          ;
;         6 data inputs ; 541                         ;
; boundary_port         ; 113                         ;
;                       ;                             ;
; Max LUT depth         ; 3.00                        ;
; Average LUT depth     ; 2.64                        ;
+-----------------------+-----------------------------+


+-------------------------------+
; Elapsed Time Per Partition    ;
+----------------+--------------+
; Partition Name ; Elapsed Time ;
+----------------+--------------+
; Top            ; 00:00:33     ;
+----------------+--------------+


+-------------------------------+
; Analysis & Synthesis Messages ;
+-------------------------------+
Info: *******************************************************************
Info: Running Quartus Prime Analysis & Synthesis
    Info: Version 17.0.0 Build 595 04/25/2017 SJ Lite Edition
    Info: Processing started: Sat Nov 18 21:10:15 2017
Info: Command: quartus_map --read_settings_files=on --write_settings_files=off Lab3_2 -c Lab3_2
Warning (18236): Number of processors has not been specified which may cause overloading on shared machines.  Set the global assignment NUM_PARALLEL_PROCESSORS in your QSF to an appropriate value for best performance.
Info (20030): Parallel compilation is enabled and will use 2 of the 2 processors detected
Info (12021): Found 1 design units, including 1 entities, in source file lab3_2.bdf
    Info (12023): Found entity 1: Lab3_2
Info (12021): Found 1 design units, including 1 entities, in source file dec32.v
    Info (12023): Found entity 1: DEC32 File: D:/QuartusLab/Lab3/Lab3_2/DEC32.v Line: 40
Info (12021): Found 1 design units, including 1 entities, in source file reg32.sv
    Info (12023): Found entity 1: reg32 File: D:/QuartusLab/Lab3/Lab3_2/reg32.sv Line: 1
Info (12021): Found 1 design units, including 1 entities, in source file mux32.v
    Info (12023): Found entity 1: mux32 File: D:/QuartusLab/Lab3/Lab3_2/mux32.v Line: 40
Info (12021): Found 1 design units, including 1 entities, in source file reg32_32.sv
    Info (12023): Found entity 1: reg32_32 File: D:/QuartusLab/Lab3/Lab3_2/reg32_32.sv Line: 2
Info (12127): Elaborating entity "Lab3_2" for the top level hierarchy
Warning (275013): Port "clk" of type reg32 and instance "inst4" is missing source signal
Warning (275013): Port "clk" of type reg32 and instance "inst1" is missing source signal
Info (12128): Elaborating entity "mux32" for hierarchy "mux32:inst"
Info (12128): Elaborating entity "lpm_mux" for hierarchy "mux32:inst|lpm_mux:LPM_MUX_component" File: D:/QuartusLab/Lab3/Lab3_2/mux32.v Line: 157
Info (12130): Elaborated megafunction instantiation "mux32:inst|lpm_mux:LPM_MUX_component" File: D:/QuartusLab/Lab3/Lab3_2/mux32.v Line: 157
Info (12133): Instantiated megafunction "mux32:inst|lpm_mux:LPM_MUX_component" with the following parameter: File: D:/QuartusLab/Lab3/Lab3_2/mux32.v Line: 157
    Info (12134): Parameter "lpm_size" = "32"
    Info (12134): Parameter "lpm_type" = "LPM_MUX"
    Info (12134): Parameter "lpm_width" = "32"
    Info (12134): Parameter "lpm_widths" = "5"
Info (12021): Found 1 design units, including 1 entities, in source file db/mux_4nc.tdf
    Info (12023): Found entity 1: mux_4nc File: D:/QuartusLab/Lab3/Lab3_2/db/mux_4nc.tdf Line: 23
Info (12128): Elaborating entity "mux_4nc" for hierarchy "mux32:inst|lpm_mux:LPM_MUX_component|mux_4nc:auto_generated" File: c:/intelfpga_lite/17.0/quartus/libraries/megafunctions/lpm_mux.tdf Line: 87
Info (12128): Elaborating entity "reg32" for hierarchy "reg32:inst44"
Info (12128): Elaborating entity "DEC32" for hierarchy "DEC32:inst99"
Info (12128): Elaborating entity "lpm_decode" for hierarchy "DEC32:inst99|lpm_decode:LPM_DECODE_component" File: D:/QuartusLab/Lab3/Lab3_2/DEC32.v Line: 185
Info (12130): Elaborated megafunction instantiation "DEC32:inst99|lpm_decode:LPM_DECODE_component" File: D:/QuartusLab/Lab3/Lab3_2/DEC32.v Line: 185
Info (12133): Instantiated megafunction "DEC32:inst99|lpm_decode:LPM_DECODE_component" with the following parameter: File: D:/QuartusLab/Lab3/Lab3_2/DEC32.v Line: 185
    Info (12134): Parameter "lpm_decodes" = "32"
    Info (12134): Parameter "lpm_type" = "LPM_DECODE"
    Info (12134): Parameter "lpm_width" = "5"
Info (12021): Found 1 design units, including 1 entities, in source file db/decode_f5f.tdf
    Info (12023): Found entity 1: decode_f5f File: D:/QuartusLab/Lab3/Lab3_2/db/decode_f5f.tdf Line: 23
Info (12128): Elaborating entity "decode_f5f" for hierarchy "DEC32:inst99|lpm_decode:LPM_DECODE_component|decode_f5f:auto_generated" File: c:/intelfpga_lite/17.0/quartus/libraries/megafunctions/lpm_decode.tdf Line: 77
Info (286030): Timing-Driven Synthesis is running
Info (16010): Generating hard_block partition "hard_block:auto_generated_inst"
    Info (16011): Adding 0 node(s), including 0 DDIO, 0 PLL, 0 transceiver and 0 LCELL
Info (21057): Implemented 1714 device resources after synthesis - the final resource count might be different
    Info (21058): Implemented 49 input pins
    Info (21059): Implemented 64 output pins
    Info (21061): Implemented 1601 logic cells
Info: Quartus Prime Analysis & Synthesis was successful. 0 errors, 3 warnings
    Info: Peak virtual memory: 724 megabytes
    Info: Processing ended: Sat Nov 18 21:11:12 2017
    Info: Elapsed time: 00:00:57
    Info: Total CPU time (on all processors): 00:01:10


